DOMAIN-SUFFIX,100k1m.com
DOMAIN-SUFFIX,34travel.me
DOMAIN-SUFFIX,9nl.org
DOMAIN-SUFFIX,actions.work
DOMAIN-SUFFIX,actualbudget.org
DOMAIN-SUFFIX,aigsi.org
DOMAIN-SUFFIX,amazingmarvin.com
DOMAIN-SUFFIX,antkuznetsov.ru
DOMAIN-SUFFIX,app.amazingmarvin.com
DOMAIN-SUFFIX,appletoolbox.com
DOMAIN-SUFFIX,areweanticheatyet.com
DOMAIN-SUFFIX,beancount.io
DOMAIN-SUFFIX,blog.amd-nick.me
DOMAIN-SUFFIX,blog.doredel.com
DOMAIN-SUFFIX,blog.getshortcuts.ai
DOMAIN-SUFFIX,blog.kaplich.me
DOMAIN-SUFFIX,blog.nataliethenerd.com
DOMAIN-SUFFIX,bookdown.org
DOMAIN-SUFFIX,breakdev.org
DOMAIN-SUFFIX,capacities.io
DOMAIN-SUFFIX,carmasters.org
DOMAIN-SUFFIX,changedetection.io
DOMAIN-SUFFIX,checkout.stripe.com
DOMAIN-SUFFIX,ciechanow.ski
DOMAIN-SUFFIX,cobalt.tools
DOMAIN-SUFFIX,community.folivora.ai
DOMAIN-SUFFIX,community.nssurge.com
DOMAIN-SUFFIX,crashbaggage.com
DOMAIN-SUFFIX,decky.xyz
DOMAIN-SUFFIX,demo.freshrss.org
DOMAIN-SUFFIX,dic.academic.ru
DOMAIN-SUFFIX,docs.getdrafts.com
DOMAIN-SUFFIX,docs.getshortcuts.ai
DOMAIN-SUFFIX,docs.polymarket.com
DOMAIN-SUFFIX,doist.com
DOMAIN-SUFFIX,dotcursorrules.com
DOMAIN-SUFFIX,droplr.com
DOMAIN-SUFFIX,en.skazoff.com
DOMAIN-SUFFIX,filesync.app
DOMAIN-SUFFIX,fluentmac.app
DOMAIN-SUFFIX,forge.sp-tarkov.com
DOMAIN-SUFFIX,forums.terraria.org
DOMAIN-SUFFIX,free-url-shortener.rb.gy
DOMAIN-SUFFIX,fullcalendar.io
DOMAIN-SUFFIX,gamedevsuffering.substack.com
DOMAIN-SUFFIX,gardinerbryant.com
DOMAIN-SUFFIX,getdrafts.com
DOMAIN-SUFFIX,getshortcuts.ai
DOMAIN-SUFFIX,ghost.skazoff.com
DOMAIN-SUFFIX,hckrnews.com
DOMAIN-SUFFIX,help.amazingmarvin.com
DOMAIN-SUFFIX,hledger.org
DOMAIN-SUFFIX,honeycomb.io
DOMAIN-SUFFIX,ibash.org.ru
DOMAIN-SUFFIX,infini.wtf
DOMAIN-SUFFIX,ivanvetoshkin.me
DOMAIN-SUFFIX,kb.nssurge.com
DOMAIN-SUFFIX,khabaroff.substack.com
DOMAIN-SUFFIX,latitude.so
DOMAIN-SUFFIX,lazy-beancount.xyz
DOMAIN-SUFFIX,lobehub.com
DOMAIN-SUFFIX,lobste.rs
DOMAIN-SUFFIX,macdaily.me
DOMAIN-SUFFIX,malev.ru
DOMAIN-SUFFIX,manual.nssurge.com
DOMAIN-SUFFIX,mapmyths.com
DOMAIN-SUFFIX,mcp.zapier.com
DOMAIN-SUFFIX,members.snowsports.org
DOMAIN-SUFFIX,minireview.io
DOMAIN-SUFFIX,mp1st.com
DOMAIN-SUFFIX,neftvodka.com
DOMAIN-SUFFIX,netnewswire.blog
DOMAIN-SUFFIX,obsidian.rocks
DOMAIN-SUFFIX,omnivore.app
DOMAIN-SUFFIX,opensourcesdrlab.com
DOMAIN-SUFFIX,plafon.gitbook.io
DOMAIN-SUFFIX,plaintextaccounting.org
DOMAIN-SUFFIX,platform.decart.ai
DOMAIN-SUFFIX,polymarket.com
DOMAIN-SUFFIX,proxly.chillaid.art
DOMAIN-SUFFIX,psychothrone.com
DOMAIN-SUFFIX,qaradot.com
DOMAIN-SUFFIX,quillette.com
DOMAIN-SUFFIX,rawg.io
DOMAIN-SUFFIX,reds-rants.netlify.app
DOMAIN-SUFFIX,releasebot.io
DOMAIN-SUFFIX,rooms.xyz
DOMAIN-SUFFIX,ru.bestdealplus.com
DOMAIN-SUFFIX,ru.skazoff.com
DOMAIN-SUFFIX,s11234.pcdn.co
DOMAIN-SUFFIX,safereactor.cc
DOMAIN-SUFFIX,sankalp.bearblog.dev
DOMAIN-SUFFIX,scripting.getdrafts.com
DOMAIN-SUFFIX,seriqa.app
DOMAIN-SUFFIX,sharedeck.games
DOMAIN-SUFFIX,shir-man.com
DOMAIN-SUFFIX,simonwillison.net
DOMAIN-SUFFIX,sing-box.sagernet.org
DOMAIN-SUFFIX,skazoff.ru
DOMAIN-SUFFIX,skiboards.com
DOMAIN-SUFFIX,slag.dev
DOMAIN-SUFFIX,sorashima.hatenablog.com
DOMAIN-SUFFIX,soundclouddl.cc
DOMAIN-SUFFIX,spicer.app
DOMAIN-SUFFIX,sponsor.ajay.app
DOMAIN-SUFFIX,staskulesh.com
DOMAIN-SUFFIX,support.codeweavers.com
DOMAIN-SUFFIX,support.denondj.com
DOMAIN-SUFFIX,survey.stackoverflow.co
DOMAIN-SUFFIX,symbolikon.com
DOMAIN-SUFFIX,taskgenius.md
DOMAIN-SUFFIX,teenage.engineering
DOMAIN-SUFFIX,thaiest.com
DOMAIN-SUFFIX,thegamingemporium.com
DOMAIN-SUFFIX,tiendil.org
DOMAIN-SUFFIX,trendshift.io
DOMAIN-SUFFIX,trymirai.com
DOMAIN-SUFFIX,tv.garden
DOMAIN-SUFFIX,twist.com
DOMAIN-SUFFIX,v2.hysteria.network
DOMAIN-SUFFIX,vas3k.blog
DOMAIN-SUFFIX,vietved.com
DOMAIN-SUFFIX,vinwonders.com
DOMAIN-SUFFIX,visualping.io
DOMAIN-SUFFIX,walletwallet.alen.ro
DOMAIN-SUFFIX,web.budgetbakers.com
DOMAIN-SUFFIX,www.andreapiani.com
DOMAIN-SUFFIX,www.builder.io
DOMAIN-SUFFIX,www.casetify.com
DOMAIN-SUFFIX,www.codeweavers.com
DOMAIN-SUFFIX,www.codingforentrepreneurs.com
DOMAIN-SUFFIX,www.crowdsupply.com
DOMAIN-SUFFIX,www.cultofmac.com
DOMAIN-SUFFIX,www.evo.com
DOMAIN-SUFFIX,www.experte.com
DOMAIN-SUFFIX,www.geo-fs.com
DOMAIN-SUFFIX,www.gl-inet.com
DOMAIN-SUFFIX,www.gta5-mods.com
DOMAIN-SUFFIX,www.honeycomb.io
DOMAIN-SUFFIX,www.howtoisolve.com
DOMAIN-SUFFIX,www.jetpens.com
DOMAIN-SUFFIX,www.junkstore.xyz
DOMAIN-SUFFIX,www.keyboardmaestro.com
DOMAIN-SUFFIX,www.launchie.app
DOMAIN-SUFFIX,www.ldr-games.com
DOMAIN-SUFFIX,www.legalnomads.com
DOMAIN-SUFFIX,www.lesswrong.com
DOMAIN-SUFFIX,www.localbanana.io
DOMAIN-SUFFIX,www.macrumors.com
DOMAIN-SUFFIX,www.math-linux.com
DOMAIN-SUFFIX,www.mctb.org
DOMAIN-SUFFIX,www.mermaidchart.com
DOMAIN-SUFFIX,www.mindonmap.com
DOMAIN-SUFFIX,www.mylifeorganized.net
DOMAIN-SUFFIX,www.nirvanahq.com
DOMAIN-SUFFIX,www.notebookcheck-ru.com
DOMAIN-SUFFIX,www.obsidiancopilot.com
DOMAIN-SUFFIX,www.obsidianstats.com
DOMAIN-SUFFIX,www.oldmapsonline.org
DOMAIN-SUFFIX,www.overcomingbias.com
DOMAIN-SUFFIX,www.parallels.com
DOMAIN-SUFFIX,www.paxhistoria.co
DOMAIN-SUFFIX,www.physicsread.com
DOMAIN-SUFFIX,www.pikapods.com
DOMAIN-SUFFIX,www.psychothrone.com
DOMAIN-SUFFIX,www.rane.com
DOMAIN-SUFFIX,www.refurb.me
DOMAIN-SUFFIX,www.regatta.com
DOMAIN-SUFFIX,www.reloop.com
DOMAIN-SUFFIX,www.rossignol.com
DOMAIN-SUFFIX,www.salomon.com
DOMAIN-SUFFIX,www.sleepwatchapp.com
DOMAIN-SUFFIX,www.snow-online.com
DOMAIN-SUFFIX,www.soldr.pro
DOMAIN-SUFFIX,www.sync2.com
DOMAIN-SUFFIX,www.synthtopia.com
DOMAIN-SUFFIX,www.thegamingemporium.com
DOMAIN-SUFFIX,www.toyotakz.com
DOMAIN-SUFFIX,www.umarex.com
DOMAIN-SUFFIX,www.underleaf.ai
DOMAIN-SUFFIX,www.urlencoder.org
DOMAIN-SUFFIX,www.warp.dev
DOMAIN-SUFFIX,www.watchplating.com
DOMAIN-SUFFIX,www.wired.com
DOMAIN-SUFFIX,www.xe.com
DOMAIN-SUFFIX,www.zeitverschiebung.net
DOMAIN-SUFFIX,xbarapp.com
DOMAIN-SUFFIX,xn--c1asakg.xn--p1ai
DOMAIN-SUFFIX,xplay.gg
DOMAIN-SUFFIX,xteink.dve.al
DOMAIN-SUFFIX,yuzu-emulator.com
DOMAIN-SUFFIX,zapier.com
